\BOOKMARK [1][-]{section.1}{\376\377\133\236\232\214\151\202\217\360}{}% 1
\BOOKMARK [2][-]{subsection.1.1}{\376\377\170\024\172\166\133\371\214\141}{section.1}% 2
\BOOKMARK [2][-]{subsection.1.2}{\376\377\145\366\225\364\134\072\136\246}{section.1}% 3
\BOOKMARK [2][-]{subsection.1.3}{\376\377\152\041\127\213\116\016\213\255\176\303\213\276\133\232}{section.1}% 4
\BOOKMARK [1][-]{section.2}{\376\377\152\041\127\213\142\337\124\010\215\050\221\317}{}% 5
\BOOKMARK [2][-]{subsection.2.1}{\376\377\200\124\124\010\152\041\127\213\166\370\121\163\174\373\145\160}{section.2}% 6
\BOOKMARK [2][-]{subsection.2.2}{\376\377\133\371\126\340\147\234\211\343\221\312\166\204\137\161\124\315}{section.2}% 7
\BOOKMARK [1][-]{section.3}{\376\377\147\155\135\336\172\331\160\271\166\204\000\040\000O\0003\000\040\126\340\147\234\176\323\147\204}{}% 8
\BOOKMARK [2][-]{subsection.3.1}{\376\377\000O\0003\000\040\122\060\000\040\000O\0003\000\040\166\204\172\063\133\232\147\242\176\275}{section.3}% 9
\BOOKMARK [2][-]{subsection.3.2}{\376\377\123\327\117\123\174\173\172\331\160\271\377\032\136\002\136\234\131\047\151\174\136\166\227\136\176\257\210\253\122\250\202\202\160\271}{section.3}% 10
\BOOKMARK [1][-]{section.4}{\376\377\000P\000M\0002\000.\0005\000\040\133\371\000\040\000O\0003\000\040\166\204\215\350\134\072\136\246\117\134\165\050}{}% 11
\BOOKMARK [2][-]{subsection.4.1}{\376\377\116\316\040\034\137\353\220\037\215\160\136\312\040\035\122\060\040\034\127\316\136\002\200\314\146\157\040\035}{section.4}% 12
\BOOKMARK [2][-]{subsection.4.2}{\376\377\123\117\124\014\126\376\226\217\134\072\136\246\210\160\121\317}{section.4}% 13
\BOOKMARK [1][-]{section.5}{\376\377\150\110\117\213\377\032\0001\0002\0002\0008\000A\000\040\122\060\000\040\0003\0005\0005\0007\000A\000\040\166\204\137\072\123\125\217\271\060\001\137\061\123\117\124\014}{}% 14
\BOOKMARK [2][-]{subsection.5.1}{\376\377\163\260\214\141}{section.5}% 15
\BOOKMARK [2][-]{subsection.5.2}{\376\377\123\117\124\014\230\171\166\204\145\160\133\146\124\053\116\111}{section.5}% 16
\BOOKMARK [2][-]{subsection.5.3}{\376\377\162\151\164\006\116\016\176\337\213\241\211\343\221\312}{section.5}% 17
\BOOKMARK [2][-]{subsection.5.4}{\376\377\176\323\213\272}{section.5}% 18
\BOOKMARK [1][-]{section.6}{\376\377\116\012\155\167\133\120\226\306\116\055\166\204\136\166\210\114\213\301\143\156}{}% 19
\BOOKMARK [1][-]{section.7}{\376\377\116\016\147\155\135\336\163\260\133\236\166\204\124\073\124\010\136\246\213\304\117\060}{}% 20
\BOOKMARK [1][-]{section.8}{\376\377\133\371\124\016\176\355\133\236\232\214\166\204\136\372\213\256}{}% 21
\BOOKMARK [1][-]{section.9}{\376\377\176\323\213\272}{}% 22
